[19:53:14] [Server thread/INFO]: Starting minecraft server version 1.10.2
[19:53:14] [Server thread/INFO]: Loading properties
[19:53:14] [Server thread/INFO]: Default game type: SURVIVAL
[19:53:14] [Server thread/INFO]: This server is running CraftBukkit version git-Spigot-de459a2-e669d32 (MC: 1.10.2) (Implementing API version 1.10.2-R0.1-SNAPSHOT)
[19:53:14] [Server thread/INFO]: Unable to find file banned-players.json, creating it.
[19:53:14] [Server thread/INFO]: Unable to find file banned-ips.json, creating it.
[19:53:14] [Server thread/INFO]: Unable to find file ops.json, creating it.
[19:53:14] [Server thread/INFO]: Unable to find file whitelist.json, creating it.
[19:53:14] [Server thread/INFO]: Debug logging is disabled
[19:53:14] [Server thread/INFO]: Server Ping Player Sample Count: 12

[19:53:14] [Server thread/INFO]: Using 4 threads for Netty based IO
[19:53:14] [Server thread/INFO]: Generating keypair
[19:53:14] [Server thread/INFO]: Starting Minecraft server on *:25565
[19:53:14] [Server thread/INFO]: Using default channel type
[19:53:14] [Server thread/INFO]: Your platform does not provide complete low-level API for accessing direct buffers reliably. Unless explicitly requested, heap buffer will always be preferred to avoid potential system unstability.
[19:53:14] [Server thread/INFO]: **** Beginning UUID conversion, this may take A LONG time ****
[19:53:14] [Server thread/INFO]: Preparing level "world"
[19:53:14] [Server thread/INFO]: -------- World Settings For [world] --------
[19:53:14] [Server thread/INFO]: Allow Zombie Pigmen to spawn from portal blocks: true
[19:53:14] [Server thread/INFO]: Arrow Despawn Rate: 1200
[19:53:14] [Server thread/INFO]: Item Despawn Rate: 6000
[19:53:14] [Server thread/INFO]: Item Merge Radius: 2.5
[19:53:14] [Server thread/INFO]: Experience Merge Radius: 3.0
[19:53:14] [Server thread/INFO]: View Distance: 10
[19:53:14] [Server thread/INFO]: Nerfing mobs spawned from spawners: false
[19:53:14] [Server thread/INFO]: Zombie Aggressive Towards Villager: true
[19:53:14] [Server thread/INFO]: Mob Spawn Range: 4
[19:53:14] [Server thread/INFO]: Cactus Growth Modifier: 100%
[19:53:14] [Server thread/INFO]: Cane Growth Modifier: 100%
[19:53:14] [Server thread/INFO]: Melon Growth Modifier: 100%
[19:53:14] [Server thread/INFO]: Mushroom Growth Modifier: 100%
[19:53:14] [Server thread/INFO]: Pumpkin Growth Modifier: 100%
[19:53:14] [Server thread/INFO]: Sapling Growth Modifier: 100%
[19:53:14] [Server thread/INFO]: Wheat Growth Modifier: 100%
[19:53:14] [Server thread/INFO]: NetherWart Growth Modifier: 100%
[19:53:14] [Server thread/INFO]: Vine Growth Modifier: 100%
[19:53:14] [Server thread/INFO]: Cocoa Growth Modifier: 100%
[19:53:14] [Server thread/INFO]: Hopper Transfer: 8 Hopper Check: 8 Hopper Amount: 1
[19:53:14] [Server thread/INFO]: Random Lighting Updates: false
[19:53:14] [Server thread/INFO]: Structure Info Saving: true
[19:53:14] [Server thread/INFO]: Max Entity Collisions: 8
[19:53:14] [Server thread/INFO]: Entity Activation Range: An 32 / Mo 32 / Mi 16
[19:53:14] [Server thread/INFO]: Entity Tracking Range: Pl 48 / An 48 / Mo 48 / Mi 32 / Other 64
[19:53:14] [Server thread/INFO]: Max TNT Explosions: 100
[19:53:14] [Server thread/INFO]: Tile Max Tick Time: 50ms Entity max Tick Time: 50ms
[19:53:14] [Server thread/INFO]: Custom Map Seeds:  Village: 10387312 Feature: 14357617
[19:53:14] [Server thread/INFO]: ---- Migration of old nether folder required ----
[19:53:14] [Server thread/INFO]: Unfortunately due to the way that Minecraft implemented multiworld support in 1.6, Bukkit requires that you move your nether folder to a new location in order to operate correctly.
[19:53:14] [Server thread/INFO]: We will move this folder for you, but it will mean that you need to move it back should you wish to stop using Bukkit in the future.
[19:53:14] [Server thread/INFO]: Attempting to move world\DIM-1 to world_nether\DIM-1...
[19:53:14] [Server thread/INFO]: Success! To restore nether in the future, simply move world_nether\DIM-1 to world\DIM-1
[19:53:14] [Server thread/INFO]: ---- Migration of old nether folder complete ----
[19:53:14] [Server thread/INFO]: -------- World Settings For [world_nether] --------
[19:53:14] [Server thread/INFO]: Allow Zombie Pigmen to spawn from portal blocks: true
[19:53:14] [Server thread/INFO]: Arrow Despawn Rate: 1200
[19:53:14] [Server thread/INFO]: Item Despawn Rate: 6000
[19:53:14] [Server thread/INFO]: Item Merge Radius: 2.5
[19:53:14] [Server thread/INFO]: Experience Merge Radius: 3.0
[19:53:14] [Server thread/INFO]: View Distance: 10
[19:53:14] [Server thread/INFO]: Nerfing mobs spawned from spawners: false
[19:53:14] [Server thread/INFO]: Zombie Aggressive Towards Villager: true
[19:53:14] [Server thread/INFO]: Mob Spawn Range: 4
[19:53:14] [Server thread/INFO]: Cactus Growth Modifier: 100%
[19:53:14] [Server thread/INFO]: Cane Growth Modifier: 100%
[19:53:14] [Server thread/INFO]: Melon Growth Modifier: 100%
[19:53:14] [Server thread/INFO]: Mushroom Growth Modifier: 100%
[19:53:14] [Server thread/INFO]: Pumpkin Growth Modifier: 100%
[19:53:14] [Server thread/INFO]: Sapling Growth Modifier: 100%
[19:53:14] [Server thread/INFO]: Wheat Growth Modifier: 100%
[19:53:14] [Server thread/INFO]: NetherWart Growth Modifier: 100%
[19:53:14] [Server thread/INFO]: Vine Growth Modifier: 100%
[19:53:14] [Server thread/INFO]: Cocoa Growth Modifier: 100%
[19:53:14] [Server thread/INFO]: Hopper Transfer: 8 Hopper Check: 8 Hopper Amount: 1
[19:53:14] [Server thread/INFO]: Random Lighting Updates: false
[19:53:14] [Server thread/INFO]: Structure Info Saving: true
[19:53:14] [Server thread/INFO]: Max Entity Collisions: 8
[19:53:14] [Server thread/INFO]: Entity Activation Range: An 32 / Mo 32 / Mi 16
[19:53:14] [Server thread/INFO]: Entity Tracking Range: Pl 48 / An 48 / Mo 48 / Mi 32 / Other 64
[19:53:14] [Server thread/INFO]: Max TNT Explosions: 100
[19:53:14] [Server thread/INFO]: Tile Max Tick Time: 50ms Entity max Tick Time: 50ms
[19:53:14] [Server thread/INFO]: Custom Map Seeds:  Village: 10387312 Feature: 14357617
[19:53:14] [Server thread/INFO]: ---- Migration of old the_end folder required ----
[19:53:14] [Server thread/INFO]: Unfortunately due to the way that Minecraft implemented multiworld support in 1.6, Bukkit requires that you move your the_end folder to a new location in order to operate correctly.
[19:53:14] [Server thread/INFO]: We will move this folder for you, but it will mean that you need to move it back should you wish to stop using Bukkit in the future.
[19:53:14] [Server thread/INFO]: Attempting to move world\DIM1 to world_the_end\DIM1...
[19:53:14] [Server thread/INFO]: Success! To restore the_end in the future, simply move world_the_end\DIM1 to world\DIM1
[19:53:14] [Server thread/INFO]: ---- Migration of old the_end folder complete ----
[19:53:14] [Server thread/INFO]: -------- World Settings For [world_the_end] --------
[19:53:14] [Server thread/INFO]: Allow Zombie Pigmen to spawn from portal blocks: true
[19:53:14] [Server thread/INFO]: Arrow Despawn Rate: 1200
[19:53:14] [Server thread/INFO]: Item Despawn Rate: 6000
[19:53:14] [Server thread/INFO]: Item Merge Radius: 2.5
[19:53:14] [Server thread/INFO]: Experience Merge Radius: 3.0
[19:53:14] [Server thread/INFO]: View Distance: 10
[19:53:14] [Server thread/INFO]: Nerfing mobs spawned from spawners: false
[19:53:14] [Server thread/INFO]: Zombie Aggressive Towards Villager: true
[19:53:14] [Server thread/INFO]: Mob Spawn Range: 4
[19:53:14] [Server thread/INFO]: Cactus Growth Modifier: 100%
[19:53:14] [Server thread/INFO]: Cane Growth Modifier: 100%
[19:53:14] [Server thread/INFO]: Melon Growth Modifier: 100%
[19:53:14] [Server thread/INFO]: Mushroom Growth Modifier: 100%
[19:53:14] [Server thread/INFO]: Pumpkin Growth Modifier: 100%
[19:53:14] [Server thread/INFO]: Sapling Growth Modifier: 100%
[19:53:14] [Server thread/INFO]: Wheat Growth Modifier: 100%
[19:53:14] [Server thread/INFO]: NetherWart Growth Modifier: 100%
[19:53:14] [Server thread/INFO]: Vine Growth Modifier: 100%
[19:53:14] [Server thread/INFO]: Cocoa Growth Modifier: 100%
[19:53:14] [Server thread/INFO]: Hopper Transfer: 8 Hopper Check: 8 Hopper Amount: 1
[19:53:14] [Server thread/INFO]: Random Lighting Updates: false
[19:53:14] [Server thread/INFO]: Structure Info Saving: true
[19:53:14] [Server thread/INFO]: Max Entity Collisions: 8
[19:53:14] [Server thread/INFO]: Entity Activation Range: An 32 / Mo 32 / Mi 16
[19:53:14] [Server thread/INFO]: Entity Tracking Range: Pl 48 / An 48 / Mo 48 / Mi 32 / Other 64
[19:53:14] [Server thread/INFO]: Max TNT Explosions: 100
[19:53:14] [Server thread/INFO]: Tile Max Tick Time: 50ms Entity max Tick Time: 50ms
[19:53:14] [Server thread/INFO]: Custom Map Seeds:  Village: 10387312 Feature: 14357617
[19:53:14] [Server thread/INFO]: Preparing start region for level 0 (Seed: -4216530450634206070)
[19:53:15] [Server thread/INFO]: Preparing start region for level 1 (Seed: -4216530450634206070)
[19:53:16] [Server thread/INFO]: Preparing spawn area: 30%
[19:53:17] [Server thread/INFO]: Preparing spawn area: 67%
[19:53:18] [Server thread/INFO]: Preparing start region for level 2 (Seed: -4216530450634206070)
[19:53:19] [Server thread/INFO]: Done (4,591s)! For help, type "help" or "?"
[19:53:58] [User Authenticator #1/INFO]: UUID of player AzmogExe is 9e8ee0c2-ece6-45ef-b713-d1a9c1b6e9bc
[19:53:59] [Server thread/INFO]: AzmogExe[/127.0.0.1:1555] logged in with entity id 368 at ([world]237.5, 84.0, 1353.5)
[19:54:08] [Server thread/INFO]: AzmogExe issued server command: /gamemode creative
[19:54:13] [Server thread/INFO]: Opped AzmogExe
[19:54:19] [Server thread/INFO]: AzmogExe fell from a high place
[19:54:49] [Server thread/INFO]: AzmogExe has just earned the achievement [Taking Inventory]
[19:55:11] [Server thread/INFO]: Stopping the server
[19:55:11] [Server thread/INFO]: Stopping server
[19:55:11] [Server thread/INFO]: Saving players
[19:55:11] [Server thread/INFO]: AzmogExe lost connection: Server closed
[19:55:11] [Server thread/INFO]: AzmogExe left the game
[19:55:11] [Server thread/INFO]: Saving worlds
[19:55:11] [Server thread/INFO]: Saving chunks for level 'world'/Overworld
[19:55:11] [Server thread/INFO]: Saving chunks for level 'world_nether'/Nether
[19:55:11] [Server thread/INFO]: Saving chunks for level 'world_the_end'/The End
